// Jest Snapshot v1, https://goo.gl/fbAQLP

exports[`<NotFoundPage /> should render and match the snapshot 1`] = `
<h1>
  <span>
    Error 404. Page cannot be found.
  </span>
</h1>
`;
