// Jest Snapshot v1, https://goo.gl/fbAQLP

exports[`<HomePage /> should render and match the snapshot 1`] = `
<div
  class="Paper-bhubno-0 bHtalL"
>
  <h2
    class="H2-egphza-0 ljvrU"
  >
    Welcome to String Land!
  </h2>
  <p
    class="P-sc-76wrpw-0 bTCnCC"
  >
    Below are all the strings on the server.
  </p>
  <div
    class="Error-qcpjhc-0 iRWWWH"
  >
    Something went wrong, please try again!
  </div>
</div>
`;
